// Jest Snapshot v1, https://goo.gl/fbAQLP

exports[`Teh tags list renders as expected 1`] = `
<div>
  <code>
    css
  </code>
  <code>
    html
  </code>
  <code>
    swift
  </code>
</div>
`;
